// Jest Snapshot v1, https://goo.gl/fbAQLP

exports[`ConfirmDialog component renders without crashing 1`] = `
ShallowWrapper {
  Symbol(enzyme.__root__): [Circular],
  Symbol(enzyme.__unrendered__): <ConfirmDialog
    handleDialogAction={[MockFunction]}
    handleDialogClose={[MockFunction]}
    message="Test message"
    open={true}
  />,
  Symbol(enzyme.__renderer__): Object {
    "batchedUpdates": [Function],
    "checkPropTypes": [Function],
    "getNode": [Function],
    "render": [Function],
    "simulateError": [Function],
    "simulateEvent": [Function],
    "unmount": [Function],
  },
  Symbol(enzyme.__node__): Object {
    "instance": null,
    "key": undefined,
    "nodeType": "class",
    "props": Object {
      "children": Array [
        <WithStyles(DialogTitle)>
          Confirmation
        </WithStyles(DialogTitle)>,
        <WithStyles(DialogContent)>
          <WithStyles(Typography)>
            Test message
          </WithStyles(Typography)>
        </WithStyles(DialogContent)>,
        <WithStyles(DialogActions)>
          <WithStyles(Button)
            color="primary"
            onClick={[Function]}
          >
            No
          </WithStyles(Button)>
          <WithStyles(Button)
            color="primary"
            onClick={[Function]}
          >
            Yes
          </WithStyles(Button)>
        </WithStyles(DialogActions)>,
      ],
      "onClose": [Function],
      "open": true,
    },
    "ref": null,
    "rendered": Array [
      Object {
        "instance": null,
        "key": undefined,
        "nodeType": "class",
        "props": Object {
          "children": "Confirmation",
        },
        "ref": null,
        "rendered": "Confirmation",
        "type": [Function],
      },
      Object {
        "instance": null,
        "key": undefined,
        "nodeType": "class",
        "props": Object {
          "children": <WithStyles(Typography)>
            Test message
          </WithStyles(Typography)>,
        },
        "ref": null,
        "rendered": Object {
          "instance": null,
          "key": undefined,
          "nodeType": "class",
          "props": Object {
            "children": "Test message",
          },
          "ref": null,
          "rendered": "Test message",
          "type": [Function],
        },
        "type": [Function],
      },
      Object {
        "instance": null,
        "key": undefined,
        "nodeType": "class",
        "props": Object {
          "children": Array [
            <WithStyles(Button)
              color="primary"
              onClick={[Function]}
            >
              No
            </WithStyles(Button)>,
            <WithStyles(Button)
              color="primary"
              onClick={[Function]}
            >
              Yes
            </WithStyles(Button)>,
          ],
        },
        "ref": null,
        "rendered": Array [
          Object {
            "instance": null,
            "key": undefined,
            "nodeType": "class",
            "props": Object {
              "children": "No",
              "color": "primary",
              "onClick": [Function],
            },
            "ref": null,
            "rendered": "No",
            "type": [Function],
          },
          Object {
            "instance": null,
            "key": undefined,
            "nodeType": "class",
            "props": Object {
              "children": "Yes",
              "color": "primary",
              "onClick": [Function],
            },
            "ref": null,
            "rendered": "Yes",
            "type": [Function],
          },
        ],
        "type": [Function],
      },
    ],
    "type": [Function],
  },
  Symbol(enzyme.__nodes__): Array [
    Object {
      "instance": null,
      "key": undefined,
      "nodeType": "class",
      "props": Object {
        "children": Array [
          <WithStyles(DialogTitle)>
            Confirmation
          </WithStyles(DialogTitle)>,
          <WithStyles(DialogContent)>
            <WithStyles(Typography)>
              Test message
            </WithStyles(Typography)>
          </WithStyles(DialogContent)>,
          <WithStyles(DialogActions)>
            <WithStyles(Button)
              color="primary"
              onClick={[Function]}
            >
              No
            </WithStyles(Button)>
            <WithStyles(Button)
              color="primary"
              onClick={[Function]}
            >
              Yes
            </WithStyles(Button)>
          </WithStyles(DialogActions)>,
        ],
        "onClose": [Function],
        "open": true,
      },
      "ref": null,
      "rendered": Array [
        Object {
          "instance": null,
          "key": undefined,
          "nodeType": "class",
          "props": Object {
            "children": "Confirmation",
          },
          "ref": null,
          "rendered": "Confirmation",
          "type": [Function],
        },
        Object {
          "instance": null,
          "key": undefined,
          "nodeType": "class",
          "props": Object {
            "children": <WithStyles(Typography)>
              Test message
            </WithStyles(Typography)>,
          },
          "ref": null,
          "rendered": Object {
            "instance": null,
            "key": undefined,
            "nodeType": "class",
            "props": Object {
              "children": "Test message",
            },
            "ref": null,
            "rendered": "Test message",
            "type": [Function],
          },
          "type": [Function],
        },
        Object {
          "instance": null,
          "key": undefined,
          "nodeType": "class",
          "props": Object {
            "children": Array [
              <WithStyles(Button)
                color="primary"
                onClick={[Function]}
              >
                No
              </WithStyles(Button)>,
              <WithStyles(Button)
                color="primary"
                onClick={[Function]}
              >
                Yes
              </WithStyles(Button)>,
            ],
          },
          "ref": null,
          "rendered": Array [
            Object {
              "instance": null,
              "key": undefined,
              "nodeType": "class",
              "props": Object {
                "children": "No",
                "color": "primary",
                "onClick": [Function],
              },
              "ref": null,
              "rendered": "No",
              "type": [Function],
            },
            Object {
              "instance": null,
              "key": undefined,
              "nodeType": "class",
              "props": Object {
                "children": "Yes",
                "color": "primary",
                "onClick": [Function],
              },
              "ref": null,
              "rendered": "Yes",
              "type": [Function],
            },
          ],
          "type": [Function],
        },
      ],
      "type": [Function],
    },
  ],
  Symbol(enzyme.__options__): Object {
    "adapter": ReactSixteenAdapter {
      "options": Object {
        "enableComponentDidUpdateOnSetState": true,
        "legacyContextMode": "parent",
        "lifecycles": Object {
          "componentDidUpdate": Object {
            "onSetState": true,
          },
          "getChildContext": Object {
            "calledByRenderer": false,
          },
          "getDerivedStateFromProps": Object {
            "hasShouldComponentUpdateBug": false,
          },
          "getSnapshotBeforeUpdate": true,
          "setState": Object {
            "skipsComponentDidUpdateOnNullish": true,
          },
        },
      },
    },
    "context": Object {},
  },
  Symbol(enzyme.__childContext__): null,
}
`;
